#-----------------------------------------------------------
# Vivado v2020.2 (64-bit)
# SW Build 3064766 on Wed Nov 18 09:12:45 MST 2020
# IP Build 3064653 on Wed Nov 18 14:17:31 MST 2020
# Start of session at: Sun Mar  6 19:48:45 2022
# Process ID: 33640
# Current directory: C:/Users/petob/OneDrive/Documents/sedemto/digital-electronics-1/labs/03-vivado/multiplexer
# Command line: vivado.exe -gui_launcher_event rodinguilauncherevent43372 C:\Users\petob\OneDrive\Documents\sedemto\digital-electronics-1\labs\03-vivado\multiplexer\multiplexer.xpr
# Log file: C:/Users/petob/OneDrive/Documents/sedemto/digital-electronics-1/labs/03-vivado/multiplexer/vivado.log
# Journal file: C:/Users/petob/OneDrive/Documents/sedemto/digital-electronics-1/labs/03-vivado/multiplexer\vivado.jou
#-----------------------------------------------------------
start_gui
open_project -read_only C:/Users/petob/OneDrive/Documents/sedemto/digital-electronics-1/labs/03-vivado/multiplexer/multiplexer.xpr
update_compile_order -fileset sources_1
